con-leche: parse done: 22107215 fold records — the file's 22107215, 0 built-in prelude records synthesised t=1013.3s (parse 1013.3s)
con-leche: install 0/22107215 inductive Eq t=1013.3s
con-leche: install 200000/22107215 def GeneralCK.Certificates.ReflectionMidpointFamily.Cell0172.wholeStep46 t=1032.6s
con-leche: install 400000/22107215 theorem GeneralCK.Certificates.ReflectionMidpointFamily.Endpoints0454.checked_w2 t=1037.6s
con-leche: install 600000/22107215 def GeneralCK.Certificates.ReflectionMidpointFamily.Cell0737.wholeBoxes14 t=1042.4s
con-leche: install 800000/22107215 theorem GeneralCK.Certificates.ReflectionMidpointNextFamily.Cell0160.centerAccepted54 t=1046.9s
con-leche: install 1000000/22107215 theorem GeneralCK.Certificates.ReflectionMidpointNextFamily.Cell0443.wholeAccepted75 t=1051.1s
con-leche: install 1200000/22107215 def GeneralCK.Certificates.ReflectionMidpointNextFamily.Cell0726.wholeStep73 t=1055.4s
con-leche: install 1400000/22107215 theorem GeneralCK.Certificates.ReflectionMidpointExtensionFamily.Cell0149.centerAccepted2 t=1060.7s
con-leche: install 1600000/22107215 def GeneralCK.Certificates.ReflectionMidpointExtensionFamily.Cell0432.wholeBoxes12 t=1065.2s
con-leche: install 1800000/22107215 theorem GeneralCK.Certificates.ReflectionMidpointExtensionFamily.Cell0714.centerAccepted54 t=1069.1s
con-leche: install 2000000/22107215 def GeneralCK.Certificates.ReflectionMidpointNextBandFamily.Cell0157.wholeBoxes71 t=1073.0s
con-leche: install 2200000/22107215 def GeneralCK.Certificates.ReflectionMidpointPostNextBandFamily.Cell0071.wholeStep85 t=1077.6s
con-leche: install 2400000/22107215 def GeneralCK.Certificates.ReflectionMidpointPostNextBandFamily.Cell0353.centerStep3 t=1081.8s
con-leche: install 2600000/22107215 def GeneralCK.Certificates.E8TAxisCell0001Sub0PaddedInputs.wholeCInput t=1104.1s
con-leche: install 2800000/22107215 theorem GeneralCK.Certificates.E8TAxisProd0152GraphWholeB.qBox_eq t=1108.0s
con-leche: install 3000000/22107215 def GeneralCK.Certificates.E8TAxisProd0503GraphCenterB.xDenominator t=1111.6s
con-leche: install 3200000/22107215 def GeneralCK.Certificates.E8TAxisProd0428GraphWholeD.logtwoInv t=1115.8s
con-leche: install 3400000/22107215 def GeneralCK.Certificates.LaneCB.Cell000021.centerStep76 t=1122.4s
con-leche: install 3600000/22107215 def GeneralCK.Certificates.LaneCB.Cell000215.wholeBoxes8 t=1129.2s
con-leche: install 3800000/22107215 def GeneralCK.Certificates.LaneCB.Cell000410.wholeStep115 t=1134.7s
con-leche: install 4000000/22107215 def GeneralCK.Certificates.LaneCB.Cell000604.centerBoxes33 t=1139.9s
con-leche: install 4200000/22107215 theorem LaneCBCell000798Endpoints.endpoint_w38 t=1145.4s
con-leche: install 4400000/22107215 theorem GeneralCK.Certificates.LaneCB.Cell000993.centerAccepted10 t=1150.2s
con-leche: install 4600000/22107215 def GeneralCK.Certificates.LaneCB.Cell001187.wholeBoxes12 t=1155.6s
con-leche: install 4800000/22107215 def GeneralCK.Certificates.LaneCB.Cell001382.wholeStep58 t=1160.3s
con-leche: install 5000000/22107215 theorem GeneralCK.Certificates.LaneCB.Cell001576.centerAccepted74 t=1166.3s
con-leche: install 5200000/22107215 def GeneralCK.Certificates.LaneCB.Cell001770.center_kdet t=1172.2s
con-leche: install 5400000/22107215 theorem GeneralCK.Certificates.LaneCB.Cell001965.centerAccepted27 t=1178.0s
con-leche: install 5600000/22107215 def GeneralCK.Certificates.LaneCB.Cell002159.wholeBoxes76 t=1183.8s
con-leche: install 5800000/22107215 def GeneralCK.Certificates.LaneCB.Cell002354.centerStep8 t=1189.6s
con-leche: install 6000000/22107215 def GeneralCK.Certificates.LaneCB.Cell002548.centerBoxes128 t=1195.4s
con-leche: install 6200000/22107215 def GeneralCK.Certificates.LaneCB.Cell002743.wholeStep64 t=1200.9s
con-leche: install 6400000/22107215 theorem GeneralCK.Certificates.LaneCB.Cell002937.centerAccepted39 t=1208.3s
con-leche: install 6600000/22107215 def GeneralCK.Certificates.LaneCB.Cell003131.wholeBoxes82 t=1214.8s
con-leche: install 6800000/22107215 def LaneCBCell003326Endpoints.out_w1 t=1220.6s
con-leche: install 7000000/22107215 def GeneralCK.Certificates.LaneCB.Cell003520.wholeBoxes22 t=1225.8s
con-leche: install 7200000/22107215 def GeneralCK.Certificates.LaneCB.Cell003715.wholeStep43 t=1231.4s
con-leche: install 7400000/22107215 theorem GeneralCK.Certificates.LaneCB.Cell003909.centerAccepted124 t=1237.3s
con-leche: install 7600000/22107215 def GeneralCK.Certificates.LaneCB.Cell004104.wholeStep132 t=1244.3s
con-leche: install 7800000/22107215 def GeneralCK.Certificates.LaneCB.Cell004298.centerBoxes33 t=1250.4s
con-leche: install 8000000/22107215 theorem GeneralCK.Certificates.LaneCB.Cell004492.wholeAccepted86 t=1256.0s
con-leche: install 8200000/22107215 theorem LaneCBCell004687Endpoints.sharedTwo_eq t=1262.5s
con-leche: install 8400000/22107215 def GeneralCK.Certificates.LaneCB.Cell004881.wholeBoxes9 t=1269.5s
con-leche: install 8600000/22107215 def GeneralCK.Certificates.LaneCB.Cell005076.wholeStep59 t=1275.5s
con-leche: install 8800000/22107215 theorem LaneCBCell005270Endpoints.checked_w18 t=1280.6s
con-leche: install 9000000/22107215 theorem GeneralCK.Certificates.LaneCB.Cell005464.lc37 t=1286.3s
con-leche: install 9200000/22107215 def GeneralCK.Certificates.LaneCB.Cell005659.centerStep42 t=1291.4s
con-leche: install 9400000/22107215 def GeneralCK.Certificates.LaneCB.Cell005853.centerBoxes135 t=1297.7s
con-leche: install 9600000/22107215 def LaneCBRB2Cell000157Endpoints.out_w10 t=1303.9s
con-leche: install 9800000/22107215 def GeneralCK.Certificates.LaneCB.RB2Cell000352.wholeStep42 t=1309.9s
con-leche: install 10000000/22107215 theorem GeneralCK.Certificates.LaneCB.RB2Cell000546.wholeAccepted82 t=1316.4s
con-leche: install 10200000/22107215 theorem GeneralCK.Certificates.LaneCB.RB2Cell000741.centerAccepted106 t=1322.7s
con-leche: install 10400000/22107215 theorem GeneralCK.Certificates.LaneCB.RB2Cell000936.centerAccepted7 t=1328.9s
con-leche: install 10600000/22107215 def GeneralCK.Certificates.LaneCB.RB2Cell001131.wholeStep124 t=1335.9s
con-leche: install 10800000/22107215 theorem GeneralCK.Certificates.LaneCB.RB2Cell001325.wholeAccepted41 t=1342.3s
con-leche: install 11000000/22107215 def GeneralCK.Certificates.LaneCB.RB2Cell001520.centerBoxes64 t=1348.3s
con-leche: install 11200000/22107215 def GeneralCK.Certificates.LaneCB.RB2Cell001715.centerStep76 t=1355.0s
con-leche: install 11400000/22107215 theorem GeneralCK.Certificates.LaneCB.RB2Cell001909.taylor_positive_m11 t=1362.3s
con-leche: install 11600000/22107215 theorem GeneralCK.Certificates.LaneCB.RB2Cell002104.wholeAccepted12 t=1369.1s
con-leche: install 11800000/22107215 theorem LaneCBRB2Cell002299Endpoints.endpoint_w15 t=1374.5s
con-leche: install 12000000/22107215 def GeneralCK.Certificates.LaneCB.RB2Cell002494.centerStep133 t=1380.3s
con-leche: install 12200000/22107215 theorem GeneralCK.Certificates.LaneCB.RB2Cell002688.wholeAccepted76 t=1386.3s
con-leche: install 12400000/22107215 def GeneralCK.Certificates.LaneCB.RB2Cell002883.wholeBoxes4 t=1395.6s
con-leche: install 12600000/22107215 theorem LaneCBRB2Cell003078Endpoints.endpoint_w12 t=1406.2s
con-leche: install 12800000/22107215 def GeneralCK.Certificates.LaneCB.RB2Cell003273.wholeStep8 t=1411.9s
con-leche: install 13000000/22107215 def GeneralCK.Certificates.LaneCB.RB2Cell003467.wholeBoxes82 t=1417.4s
con-leche: install 13200000/22107215 def GeneralCK.Certificates.LaneCB.RB2Cell003662.centerBoxes114 t=1422.8s
con-leche: install 13400000/22107215 theorem GeneralCK.Certificates.LaneCB.RB2Cell003857.centerAccepted16 t=1428.9s
con-leche: install 13600000/22107215 def GeneralCK.Certificates.LaneCB.RB2Cell004052.wholeStep84 t=1436.6s
con-leche: install 13800000/22107215 theorem GeneralCK.Certificates.LaneCB.RB2Cell004246.wholeAccepted33 t=1443.9s
con-leche: install 14000000/22107215 def LaneCBRB2Cell004441Endpoints.out_w16 t=1450.0s
con-leche: install 14200000/22107215 def GeneralCK.Certificates.LaneCB.RB2Cell004636.centerStep84 t=1456.5s
con-leche: install 14400000/22107215 def GeneralCK.Certificates.LaneCB.RB2Cell004830.wholeBoxes103 t=1463.4s
con-leche: install 14600000/22107215 def GeneralCK.Certificates.LaneCB.RB2Cell005025.centerBoxes126 t=1471.6s
con-leche: install 14800000/22107215 theorem LaneCBRB2Cell005220Endpoints.endpoint_w5 t=1478.4s
con-leche: install 15000000/22107215 def GeneralCK.Certificates.LaneCB.RB2Cell005415.wholeStep7 t=1484.8s
con-leche: install 15200000/22107215 def GeneralCK.Certificates.LaneCB.RB2Cell005609.wholeBoxes109 t=1493.4s
con-leche: install 15400000/22107215 theorem GeneralCK.Certificates.LaneCB.RB2Cell005804.wholeAccepted1 t=1500.9s
con-leche: install 15600000/22107215 def LaneCBRB2Cell005999Endpoints.out_w1 t=1507.8s
con-leche: install 15800000/22107215 def GeneralCK.Certificates.LaneCB.RB2Cell006194.wholeStep77 t=1515.1s
con-leche: install 16000000/22107215 theorem GeneralCK.Certificates.LaneCB.RB2Cell006388.wholeAccepted42 t=1522.4s
con-leche: install 16200000/22107215 def GeneralCK.Certificates.LaneCB.RB2Cell006583.centerBoxes112 t=1529.9s
con-leche: install 16400000/22107215 def GeneralCK.Certificates.LaneCB.RB2Cell006778.centerBoxes6 t=1537.5s
con-leche: install 16600000/22107215 def GeneralCK.Certificates.LaneCB.RB2Cell006973.wholeStep33 t=1545.1s
con-leche: install 16800000/22107215 theorem GeneralCK.Certificates.LaneCB.RB2Cell007167.wholeAccepted60 t=1553.4s
con-leche: install 17000000/22107215 theorem GeneralCK.Certificates.LaneCB.RB2Cell007362.centerAccepted65 t=1561.7s
con-leche: install 17200000/22107215 def GeneralCK.Certificates.LaneCB.RB2Cell007557.centerStep15 t=1569.8s
con-leche: install 17400000/22107215 theorem GeneralCK.Certificates.LaneCB.RB2Cell007751.wholeAccepted135 t=1578.4s
con-leche: install 17600000/22107215 theorem LaneCBRB2Cell007946Endpoints.checked_w25 t=1586.0s
con-leche: install 17800000/22107215 theorem GeneralCK.Certificates.LaneCB.RB2Cell008141.centerAccepted40 t=1593.9s
con-leche: install 18000000/22107215 def GeneralCK.Certificates.LaneCB.RB2Cell008336.centerStep132 t=1601.9s
con-leche: install 18200000/22107215 theorem LaneCBRB2Cell008530Endpoints.endpoint_w40 t=1611.0s
con-leche: install 18400000/22107215 def GeneralCK.Certificates.LaneCB.RB2Cell008725.centerBoxes107 t=1619.5s
con-leche: install 18600000/22107215 def LaneCBRB2Cell008920Endpoints.out_w4 t=1627.0s
con-leche: install 18800000/22107215 def GeneralCK.Certificates.LaneCB.RB2Cell009115.wholeStep71 t=1634.5s
con-leche: install 19000000/22107215 def GeneralCK.Certificates.LaneCB.RB2Cell009309.wholeBoxes63 t=1642.0s
con-leche: install 19200000/22107215 def GeneralCK.Certificates.LaneCB.RB2Cell009504.centerBoxes87 t=1649.2s
con-leche: install 19400000/22107215 def GeneralCK.Certificates.LaneCB.RB2Cell009699.centerStep0 t=1656.3s
con-leche: install 19600000/22107215 def GeneralCK.Certificates.LaneCB.RB2Cell009894.wholeStep71 t=1664.0s
con-leche: install 19800000/22107215 theorem GeneralCK.Certificates.LaneCB.RB2Cell010088.wholeAccepted40 t=1671.2s
con-leche: install 20000000/22107215 theorem LaneCBRB2Cell010283Endpoints.endpoint_w19 t=1678.7s
con-leche: install 20200000/22107215 theorem GeneralCK.Certificates.LaneCB.RB2Cell010478.centerAccepted5 t=1686.3s
con-leche: install 20400000/22107215 def GeneralCK.Certificates.LaneCB.RB2Cell010673.wholeStep113 t=1693.6s
con-leche: install 20600000/22107215 theorem GeneralCK.Certificates.LaneCB.RB2Cell010867.wholeAccepted8 t=1701.5s
con-leche: install 20800000/22107215 def GeneralCK.Certificates.LaneCB.RB2Cell011062.centerBoxes38 t=1709.7s
con-leche: install 21000000/22107215 def GeneralCK.Certificates.LaneCB.RB2Cell011257.centerStep129 t=1717.6s
con-leche: install 21200000/22107215 theorem GeneralCK.Certificates.LaneCB.RB2Cell011451.wholeAccepted49 t=1725.1s
con-leche: install 21400000/22107215 theorem GeneralCK.Certificates.LaneCB.RB2Cell011646.centerAccepted99 t=1732.7s
con-leche: install 21600000/22107215 theorem CKLaneC.RSC2.S00_0156.ok_4 t=1754.7s
con-leche: install 21800000/22107215 theorem CKLaneC.RSC2.S10_0037.s0_0._proof_1_1 t=1789.2s
con-leche: install 22000000/22107215 def CKLaneM1.ML.Population.r0248 t=1819.5s
con-leche: install done: 22107215/22107215 declarations installed, 22106005 checks pending t=1863.5s (install 850.2s)
con-leche: check 200000/22106005 definition GeneralCK.Certificates.ReflectionMidpointFamily.Cell0173.wholeBoxes48 t=2153.0s
con-leche: check 400000/22106005 theorem GeneralCK.Certificates.ReflectionMidpointFamily.Cell0455.reflection_log_0_checked t=2195.3s
con-leche: check 600000/22106005 definition GeneralCK.Certificates.ReflectionMidpointFamily.Cell0738.centerStep54 t=2235.8s
con-leche: check 800000/22106005 definition GeneralCK.Certificates.ReflectionMidpointNextFamily.Cell0162.outputJet t=2271.8s
con-leche: check 1000000/22106005 definition GeneralCK.Certificates.ReflectionMidpointNextFamily.Cell0444.centerBoxes25 t=2305.8s
con-leche: check 1200000/22106005 theorem GeneralCK.Certificates.ReflectionMidpointNextFamily.Endpoints0727.endpoint_w18 t=2342.3s
con-leche: check 1400000/22106005 theorem GeneralCK.Certificates.ReflectionMidpointExtensionFamily.Cell0150.centerAccepted26 t=2377.6s
con-leche: check 1600000/22106005 definition GeneralCK.Certificates.ReflectionMidpointExtensionFamily.Cell0433.centerStep51 t=2410.8s
con-leche: check 1800000/22106005 definition GeneralCK.Certificates.ReflectionMidpointExtensionFamily.Cell0716.outputJet t=2443.5s
con-leche: check 2000000/22106005 theorem GeneralCK.Certificates.ReflectionMidpointNextBandFamily.Cell0158.lc9 t=2475.3s
con-leche: check 2200000/22106005 theorem GeneralCK.Certificates.ReflectionMidpointPostNextBandFamily.Endpoints0072.endpoint_w8 t=2506.9s
con-leche: check 2400000/22106005 definition GeneralCK.Certificates.ReflectionMidpointPostNextBandFamily.Cell0354.centerBoxes84 t=2537.1s
con-leche: check 2600000/22106005 definition GeneralCK.Certificates.E8TAxisCell0001Sub1EndpointWitnesses.centerCUpperExpWitness t=3864.8s
con-leche: check 2800000/22106005 definition GeneralCK.Certificates.E8TAxisProd0151GraphCenterA.zData t=4118.8s
con-leche: check 3000000/22106005 definition GeneralCK.Certificates.E8TAxisProd0501EndpointWitnesses.centerDUpperLog t=4379.9s
con-leche: check 3200000/22106005 definition GeneralCK.Certificates.E8TAxisProd0404EndpointWitnesses.wholeDLowerLog t=4681.6s
con-leche: check 3400000/22106005 theorem LaneCBCell000022Endpoints.endpoint_w11 t=5169.7s
con-leche: check 3600000/22106005 theorem LaneCBCell000216Endpoints.endpoint_w37 t=5209.5s
con-leche: check 3800000/22106005 definition GeneralCK.Certificates.LaneCB.Cell000411.centerStep64 t=5246.9s
con-leche: check 4000000/22106005 theorem GeneralCK.Certificates.LaneCB.Cell000605.centerAccepted89 t=5282.4s
con-leche: check 4200000/22106005 definition GeneralCK.Certificates.LaneCB.Cell000800.wholeStep77 t=5317.3s
con-leche: check 4400000/22106005 theorem GeneralCK.Certificates.LaneCB.Cell000994.centerAccepted43 t=5351.4s
con-leche: check 4600000/22106005 theorem LaneCBCell001188Endpoints.endpoint_w40 t=5387.9s
con-leche: check 4800000/22106005 theorem GeneralCK.Certificates.LaneCB.Cell001382.wholeAccepted44 t=5422.5s
con-leche: check 5000000/22106005 theorem GeneralCK.Certificates.LaneCB.Cell001577.centerAccepted54 t=5455.6s
con-leche: check 5200000/22106005 definition GeneralCK.Certificates.LaneCB.Cell001772.centerStep80 t=5488.6s
con-leche: check 5400000/22106005 definition GeneralCK.Certificates.LaneCB.Cell001966.centerBoxes104 t=5521.4s
con-leche: check 5600000/22106005 definition GeneralCK.Certificates.LaneCB.Cell002161.wholeStep81 t=5553.7s
con-leche: check 5800000/22106005 theorem LaneCBCell002354Endpoints.checked_w17 t=5585.9s
con-leche: check 6000000/22106005 definition GeneralCK.Certificates.LaneCB.Cell002549.wholeBoxes63 t=5617.9s
con-leche: check 6200000/22106005 definition GeneralCK.Certificates.LaneCB.Cell002744.centerStep0 t=5649.8s
con-leche: check 6400000/22106005 definition GeneralCK.Certificates.LaneCB.Cell002938.centerProgram t=5684.5s
con-leche: check 6600000/22106005 definition GeneralCK.Certificates.LaneCB.Cell003133.wholeStep55 t=5722.1s
con-leche: check 6800000/22106005 theorem LaneCBCell003326Endpoints.checked_w37 t=5762.0s
con-leche: check 7000000/22106005 theorem GeneralCK.Certificates.LaneCB.Cell003521.wholeAccepted45 t=5805.0s
con-leche: check 7200000/22106005 definition GeneralCK.Certificates.LaneCB.Cell003716.centerBoxes6 t=5846.8s
con-leche: check 7400000/22106005 theorem GeneralCK.Certificates.LaneCB.Cell003910.centerAccepted107 t=5887.7s
con-leche: check 7600000/22106005 definition GeneralCK.Certificates.LaneCB.Cell004105.centerStep77 t=5927.2s
con-leche: check 7800000/22106005 theorem GeneralCK.Certificates.LaneCB.Cell004299.centerAccepted96 t=5966.5s
con-leche: check 8000000/22106005 definition GeneralCK.Certificates.LaneCB.Cell004494.wholeStep49 t=6005.1s
con-leche: check 8200000/22106005 theorem GeneralCK.Certificates.LaneCB.Cell004688.centerAccepted11 t=6045.0s
con-leche: check 8400000/22106005 theorem GeneralCK.Certificates.LaneCB.Cell004882.wholeAccepted25 t=6083.0s
con-leche: check 8600000/22106005 definition GeneralCK.Certificates.LaneCB.Cell005077.centerStep24 t=6120.6s
con-leche: check 8800000/22106005 theorem GeneralCK.Certificates.LaneCB.Cell005271.wholeAccepted10 t=6158.7s
con-leche: check 9000000/22106005 definition GeneralCK.Certificates.LaneCB.Cell005466.wholeStep73 t=6193.2s
con-leche: check 9200000/22106005 definition GeneralCK.Certificates.LaneCB.Cell005660.centerBoxes42 t=6228.2s
con-leche: check 9400000/22106005 theorem GeneralCK.Certificates.LaneCB.Cell005854.lc32 t=6264.6s
con-leche: check 9600000/22106005 definition GeneralCK.Certificates.LaneCB.RB2Cell000158.centerBoxes110 t=6299.3s
con-leche: check 9800000/22106005 definition GeneralCK.Certificates.LaneCB.RB2Cell000353.centerBoxes6 t=6334.7s
con-leche: check 10000000/22106005 definition GeneralCK.Certificates.LaneCB.RB2Cell000548.wholeStep62 t=6371.0s
con-leche: check 10200000/22106005 definition GeneralCK.Certificates.LaneCB.RB2Cell000742.wholeBoxes45 t=6407.4s
con-leche: check 10400000/22106005 theorem GeneralCK.Certificates.LaneCB.RB2Cell000937.centerAccepted34 t=6445.9s
con-leche: check 10600000/22106005 definition GeneralCK.Certificates.LaneCB.RB2Cell001132.centerStep71 t=6485.6s
con-leche: check 10800000/22106005 definition GeneralCK.Certificates.LaneCB.RB2Cell001326.wholeBoxes92 t=6524.8s
con-leche: check 11000000/22106005 theorem GeneralCK.Certificates.LaneCB.RB2Cell001521.lc19 t=6565.7s
con-leche: check 11200000/22106005 theorem GeneralCK.Certificates.LaneCB.RB2Cell001716.centerAccepted24 t=6605.6s
con-leche: check 11400000/22106005 definition GeneralCK.Certificates.LaneCB.RB2Cell001911.centerStep87 t=6643.7s
con-leche: check 11600000/22106005 theorem GeneralCK.Certificates.LaneCB.RB2Cell002105.centerAccepted65 t=6684.2s
con-leche: check 11800000/22106005 theorem GeneralCK.Certificates.LaneCB.RB2Cell002300.centerAccepted32 t=6724.6s
con-leche: check 12000000/22106005 definition LaneCBRB2Cell002495Endpoints.out_w6 t=6767.3s
con-leche: check 12200000/22106005 definition GeneralCK.Certificates.LaneCB.RB2Cell002690.wholeStep79 t=6808.3s
con-leche: check 12400000/22106005 theorem GeneralCK.Certificates.LaneCB.RB2Cell002884.wholeAccepted25 t=6849.6s
con-leche: check 12600000/22106005 theorem GeneralCK.Certificates.LaneCB.RB2Cell003079.centerAccepted90 t=6892.5s
con-leche: check 12800000/22106005 theorem _private.GeneralCK.Certificates.LaneRB2WaveV2.RB2Cell003274.0.GeneralCK.Certificates.LaneCB.RB2Cell003274.center_Z t=6930.8s
con-leche: check 13000000/22106005 definition GeneralCK.Certificates.LaneCB.RB2Cell003469.wholeStep62 t=6967.7s
con-leche: check 13200000/22106005 definition GeneralCK.Certificates.LaneCB.RB2Cell003663.wholeBoxes53 t=7008.1s
con-leche: check 13400000/22106005 theorem GeneralCK.Certificates.LaneCB.RB2Cell003857.wholeAccepted39 t=7043.8s
con-leche: check 13600000/22106005 definition GeneralCK.Certificates.LaneCB.RB2Cell004053.centerStep18 t=7079.8s
con-leche: check 13800000/22106005 definition GeneralCK.Certificates.LaneCB.RB2Cell004247.wholeBoxes131 t=7115.8s
con-leche: check 14000000/22106005 definition GeneralCK.Certificates.LaneCB.RB2Cell004442.wholeBoxes11 t=7151.0s
con-leche: check 14200000/22106005 definition LaneCBRB2Cell004637Endpoints.out_w14 t=7185.2s
con-leche: check 14400000/22106005 definition GeneralCK.Certificates.LaneCB.RB2Cell004832.wholeStep12 t=7219.1s
con-leche: check 14600000/22106005 theorem GeneralCK.Certificates.LaneCB.RB2Cell005026.centerAccepted51 t=7252.2s
con-leche: check 14800000/22106005 definition GeneralCK.Certificates.LaneCB.RB2Cell005221.centerBoxes88 t=7286.5s
con-leche: check 15000000/22106005 theorem GeneralCK.Certificates.LaneCB.RB2Cell005415.wholeAccepted67 t=7322.0s
con-leche: check 15200000/22106005 definition GeneralCK.Certificates.LaneCB.RB2Cell005611.wholeStep4 t=7357.7s
con-leche: check 15400000/22106005 definition GeneralCK.Certificates.LaneCB.RB2Cell005805.wholeBoxes73 t=7392.3s
con-leche: check 15600000/22106005 theorem LaneCBRB2Cell005999Endpoints.checked_w23 t=7425.3s
con-leche: check 15800000/22106005 definition GeneralCK.Certificates.LaneCB.RB2Cell006195.centerStep14 t=7458.5s
con-leche: check 16000000/22106005 definition GeneralCK.Certificates.LaneCB.RB2Cell006389.whole_m11 t=7490.9s
con-leche: check 16200000/22106005 theorem LaneCBRB2Cell006583Endpoints.checked_w25 t=7525.8s
con-leche: check 16400000/22106005 theorem GeneralCK.Certificates.LaneCB.RB2Cell006778.wholeAccepted124 t=7559.9s
con-leche: check 16600000/22106005 definition LaneCBRB2Cell006974Endpoints.out_w1 t=7594.2s
con-leche: check 16800000/22106005 definition GeneralCK.Certificates.LaneCB.RB2Cell007169.wholeStep111 t=7627.5s
con-leche: check 17000000/22106005 definition GeneralCK.Certificates.LaneCB.RB2Cell007363.wholeBoxes17 t=7661.8s
con-leche: check 17200000/22106005 definition GeneralCK.Certificates.LaneCB.RB2Cell007558.centerBoxes57 t=7696.8s
con-leche: check 17400000/22106005 definition GeneralCK.Certificates.LaneCB.RB2Cell007753.centerStep102 t=7730.8s
con-leche: check 17600000/22106005 definition GeneralCK.Certificates.LaneCB.RB2Cell007947.wholeBoxes96 t=7765.4s
con-leche: check 17800000/22106005 theorem GeneralCK.Certificates.LaneCB.RB2Cell008141.wholeAccepted104 t=7799.6s
con-leche: check 18000000/22106005 definition GeneralCK.Certificates.LaneCB.RB2Cell008337.centerBoxes22 t=7833.8s
con-leche: check 18200000/22106005 definition GeneralCK.Certificates.LaneCB.RB2Cell008532.wholeStep69 t=7867.7s
con-leche: check 18400000/22106005 definition GeneralCK.Certificates.LaneCB.RB2Cell008726.wholeBoxes45 t=7901.8s
con-leche: check 18600000/22106005 theorem GeneralCK.Certificates.LaneCB.RB2Cell008920.wholeAccepted122 t=7934.8s
con-leche: check 18800000/22106005 definition GeneralCK.Certificates.LaneCB.RB2Cell009116.centerStep1 t=7966.6s
con-leche: check 19000000/22106005 definition GeneralCK.Certificates.LaneCB.RB2Cell009311.wholeStep107 t=7998.2s
con-leche: check 19200000/22106005 theorem GeneralCK.Certificates.LaneCB.RB2Cell009504.taylor_positive_kdet t=8030.3s
con-leche: check 19400000/22106005 definition GeneralCK.Certificates.LaneCB.RB2Cell009700.centerBoxes60 t=8062.1s
con-leche: check 19600000/22106005 definition GeneralCK.Certificates.LaneCB.RB2Cell009895.centerStep15 t=8093.7s
con-leche: check 19800000/22106005 theorem GeneralCK.Certificates.LaneCB.RB2Cell010089.wholeAccepted106 t=8125.8s
con-leche: check 20000000/22106005 theorem GeneralCK.Certificates.LaneCB.RB2Cell010284.centerAccepted69 t=8157.6s
con-leche: check 20200000/22106005 theorem GeneralCK.Certificates.LaneCB.RB2Cell010479.centerAccepted11 t=8190.2s
con-leche: check 20400000/22106005 definition GeneralCK.Certificates.LaneCB.RB2Cell010674.centerStep49 t=8221.1s
con-leche: check 20600000/22106005 theorem GeneralCK.Certificates.LaneCB.RB2Cell010868.wholeAccepted0 t=8251.9s
con-leche: check 20800000/22106005 theorem GeneralCK.Certificates.LaneCB.RB2Cell011062.wholeAccepted119 t=8281.9s
con-leche: check 21000000/22106005 definition GeneralCK.Certificates.LaneCB.RB2Cell011258.centerBoxes25 t=8312.3s
con-leche: check 21200000/22106005 theorem GeneralCK.Certificates.LaneCB.RB2Cell011452.wholeAccepted100 t=8341.9s
con-leche: check 21400000/22106005 definition GeneralCK.Certificates.LaneCB.RB2Cell011647.wholeBoxes38 t=8371.9s
con-leche: check 21600000/22106005 theorem CKLaneC.RSC2.S01_0003.s2_0 t=11609.5s
con-leche: check 21800000/22106005 definition CKLaneC.RSC2.S10_0048.q0 t=16859.5s
con-leche: check 22000000/22106005 definition CKLaneM1.ML.Population.ix0776 t=20373.7s
con-leche: check done: 22106005/22106005 t=21453.4s (check 19589.9s)
con-leche: done: parse 1013.3s, install 850.2s, check 19589.9s, 150 workers t=21453.4s
