con-leche: parse done: 22107215 fold records — the file's 22107215, 0 built-in prelude records synthesised t=854.9s (parse 854.9s)
con-leche: install 0/22107215 inductive Eq t=854.9s
con-leche: install 200000/22107215 def GeneralCK.Certificates.ReflectionMidpointFamily.Cell0172.wholeStep46 t=878.5s
con-leche: install 400000/22107215 theorem GeneralCK.Certificates.ReflectionMidpointFamily.Endpoints0454.checked_w2 t=883.6s
con-leche: install 600000/22107215 def GeneralCK.Certificates.ReflectionMidpointFamily.Cell0737.wholeBoxes14 t=888.3s
con-leche: install 800000/22107215 theorem GeneralCK.Certificates.ReflectionMidpointNextFamily.Cell0160.centerAccepted54 t=893.3s
con-leche: install 1000000/22107215 theorem GeneralCK.Certificates.ReflectionMidpointNextFamily.Cell0443.wholeAccepted75 t=898.4s
con-leche: install 1200000/22107215 def GeneralCK.Certificates.ReflectionMidpointNextFamily.Cell0726.wholeStep73 t=904.4s
con-leche: install 1400000/22107215 theorem GeneralCK.Certificates.ReflectionMidpointExtensionFamily.Cell0149.centerAccepted2 t=909.3s
con-leche: install 1600000/22107215 def GeneralCK.Certificates.ReflectionMidpointExtensionFamily.Cell0432.wholeBoxes12 t=914.3s
con-leche: install 1800000/22107215 theorem GeneralCK.Certificates.ReflectionMidpointExtensionFamily.Cell0714.centerAccepted54 t=918.8s
con-leche: install 2000000/22107215 def GeneralCK.Certificates.ReflectionMidpointNextBandFamily.Cell0157.wholeBoxes71 t=923.4s
con-leche: install 2200000/22107215 def GeneralCK.Certificates.ReflectionMidpointPostNextBandFamily.Cell0071.wholeStep85 t=927.8s
con-leche: install 2400000/22107215 def GeneralCK.Certificates.ReflectionMidpointPostNextBandFamily.Cell0353.centerStep3 t=932.5s
con-leche: install 2600000/22107215 def GeneralCK.Certificates.E8TAxisCell0001Sub0PaddedInputs.wholeCInput t=1002.9s
con-leche: install 2800000/22107215 theorem GeneralCK.Certificates.E8TAxisProd0152GraphWholeB.qBox_eq t=1006.7s
con-leche: install 3000000/22107215 def GeneralCK.Certificates.E8TAxisProd0503GraphCenterB.xDenominator t=1011.2s
con-leche: install 3200000/22107215 def GeneralCK.Certificates.E8TAxisProd0428GraphWholeD.logtwoInv t=1016.3s
con-leche: install 3400000/22107215 def GeneralCK.Certificates.LaneCB.Cell000021.centerStep76 t=1034.1s
con-leche: install 3600000/22107215 def GeneralCK.Certificates.LaneCB.Cell000215.wholeBoxes8 t=1039.5s
con-leche: install 3800000/22107215 def GeneralCK.Certificates.LaneCB.Cell000410.wholeStep115 t=1045.5s
con-leche: install 4000000/22107215 def GeneralCK.Certificates.LaneCB.Cell000604.centerBoxes33 t=1051.3s
con-leche: install 4200000/22107215 theorem LaneCBCell000798Endpoints.endpoint_w38 t=1057.3s
con-leche: install 4400000/22107215 theorem GeneralCK.Certificates.LaneCB.Cell000993.centerAccepted10 t=1063.6s
con-leche: install 4600000/22107215 def GeneralCK.Certificates.LaneCB.Cell001187.wholeBoxes12 t=1069.2s
con-leche: install 4800000/22107215 def GeneralCK.Certificates.LaneCB.Cell001382.wholeStep58 t=1074.9s
con-leche: install 5000000/22107215 theorem GeneralCK.Certificates.LaneCB.Cell001576.centerAccepted74 t=1082.0s
con-leche: install 5200000/22107215 def GeneralCK.Certificates.LaneCB.Cell001770.center_kdet t=1088.4s
con-leche: install 5400000/22107215 theorem GeneralCK.Certificates.LaneCB.Cell001965.centerAccepted27 t=1094.3s
con-leche: install 5600000/22107215 def GeneralCK.Certificates.LaneCB.Cell002159.wholeBoxes76 t=1101.0s
con-leche: install 5800000/22107215 def GeneralCK.Certificates.LaneCB.Cell002354.centerStep8 t=1107.6s
con-leche: install 6000000/22107215 def GeneralCK.Certificates.LaneCB.Cell002548.centerBoxes128 t=1113.9s
con-leche: install 6200000/22107215 def GeneralCK.Certificates.LaneCB.Cell002743.wholeStep64 t=1120.2s
con-leche: install 6400000/22107215 theorem GeneralCK.Certificates.LaneCB.Cell002937.centerAccepted39 t=1129.3s
con-leche: install 6600000/22107215 def GeneralCK.Certificates.LaneCB.Cell003131.wholeBoxes82 t=1135.7s
con-leche: install 6800000/22107215 def LaneCBCell003326Endpoints.out_w1 t=1142.2s
con-leche: install 7000000/22107215 def GeneralCK.Certificates.LaneCB.Cell003520.wholeBoxes22 t=1149.0s
con-leche: install 7200000/22107215 def GeneralCK.Certificates.LaneCB.Cell003715.wholeStep43 t=1156.1s
con-leche: install 7400000/22107215 theorem GeneralCK.Certificates.LaneCB.Cell003909.centerAccepted124 t=1162.9s
con-leche: install 7600000/22107215 def GeneralCK.Certificates.LaneCB.Cell004104.wholeStep132 t=1170.1s
con-leche: install 7800000/22107215 def GeneralCK.Certificates.LaneCB.Cell004298.centerBoxes33 t=1177.2s
con-leche: install 8000000/22107215 theorem GeneralCK.Certificates.LaneCB.Cell004492.wholeAccepted86 t=1184.1s
con-leche: install 8200000/22107215 theorem LaneCBCell004687Endpoints.sharedTwo_eq t=1190.9s
con-leche: install 8400000/22107215 def GeneralCK.Certificates.LaneCB.Cell004881.wholeBoxes9 t=1198.1s
con-leche: install 8600000/22107215 def GeneralCK.Certificates.LaneCB.Cell005076.wholeStep59 t=1205.4s
con-leche: install 8800000/22107215 theorem LaneCBCell005270Endpoints.checked_w18 t=1213.2s
con-leche: install 9000000/22107215 theorem GeneralCK.Certificates.LaneCB.Cell005464.lc37 t=1220.3s
con-leche: install 9200000/22107215 def GeneralCK.Certificates.LaneCB.Cell005659.centerStep42 t=1227.6s
con-leche: install 9400000/22107215 def GeneralCK.Certificates.LaneCB.Cell005853.centerBoxes135 t=1235.4s
con-leche: install 9600000/22107215 def LaneCBRB2Cell000157Endpoints.out_w10 t=1242.8s
con-leche: install 9800000/22107215 def GeneralCK.Certificates.LaneCB.RB2Cell000352.wholeStep42 t=1249.5s
con-leche: install 10000000/22107215 theorem GeneralCK.Certificates.LaneCB.RB2Cell000546.wholeAccepted82 t=1256.0s
con-leche: install 10200000/22107215 theorem GeneralCK.Certificates.LaneCB.RB2Cell000741.centerAccepted106 t=1263.3s
con-leche: install 10400000/22107215 theorem GeneralCK.Certificates.LaneCB.RB2Cell000936.centerAccepted7 t=1270.5s
con-leche: install 10600000/22107215 def GeneralCK.Certificates.LaneCB.RB2Cell001131.wholeStep124 t=1276.2s
con-leche: install 10800000/22107215 theorem GeneralCK.Certificates.LaneCB.RB2Cell001325.wholeAccepted41 t=1282.3s
con-leche: install 11000000/22107215 def GeneralCK.Certificates.LaneCB.RB2Cell001520.centerBoxes64 t=1288.1s
con-leche: install 11200000/22107215 def GeneralCK.Certificates.LaneCB.RB2Cell001715.centerStep76 t=1293.7s
con-leche: install 11400000/22107215 theorem GeneralCK.Certificates.LaneCB.RB2Cell001909.taylor_positive_m11 t=1300.2s
con-leche: install 11600000/22107215 theorem GeneralCK.Certificates.LaneCB.RB2Cell002104.wholeAccepted12 t=1307.2s
con-leche: install 11800000/22107215 theorem LaneCBRB2Cell002299Endpoints.endpoint_w15 t=1312.8s
con-leche: install 12000000/22107215 def GeneralCK.Certificates.LaneCB.RB2Cell002494.centerStep133 t=1318.4s
con-leche: install 12200000/22107215 theorem GeneralCK.Certificates.LaneCB.RB2Cell002688.wholeAccepted76 t=1325.1s
con-leche: install 12400000/22107215 def GeneralCK.Certificates.LaneCB.RB2Cell002883.wholeBoxes4 t=1332.2s
con-leche: install 12600000/22107215 theorem LaneCBRB2Cell003078Endpoints.endpoint_w12 t=1341.7s
con-leche: install 12800000/22107215 def GeneralCK.Certificates.LaneCB.RB2Cell003273.wholeStep8 t=1347.0s
con-leche: install 13000000/22107215 def GeneralCK.Certificates.LaneCB.RB2Cell003467.wholeBoxes82 t=1352.1s
con-leche: install 13200000/22107215 def GeneralCK.Certificates.LaneCB.RB2Cell003662.centerBoxes114 t=1359.1s
con-leche: install 13400000/22107215 theorem GeneralCK.Certificates.LaneCB.RB2Cell003857.centerAccepted16 t=1365.9s
con-leche: install 13600000/22107215 def GeneralCK.Certificates.LaneCB.RB2Cell004052.wholeStep84 t=1371.5s
con-leche: install 13800000/22107215 theorem GeneralCK.Certificates.LaneCB.RB2Cell004246.wholeAccepted33 t=1378.0s
con-leche: install 14000000/22107215 def LaneCBRB2Cell004441Endpoints.out_w16 t=1384.5s
con-leche: install 14200000/22107215 def GeneralCK.Certificates.LaneCB.RB2Cell004636.centerStep84 t=1391.4s
con-leche: install 14400000/22107215 def GeneralCK.Certificates.LaneCB.RB2Cell004830.wholeBoxes103 t=1397.4s
con-leche: install 14600000/22107215 def GeneralCK.Certificates.LaneCB.RB2Cell005025.centerBoxes126 t=1403.3s
con-leche: install 14800000/22107215 theorem LaneCBRB2Cell005220Endpoints.endpoint_w5 t=1409.5s
con-leche: install 15000000/22107215 def GeneralCK.Certificates.LaneCB.RB2Cell005415.wholeStep7 t=1415.4s
con-leche: install 15200000/22107215 def GeneralCK.Certificates.LaneCB.RB2Cell005609.wholeBoxes109 t=1422.4s
con-leche: install 15400000/22107215 theorem GeneralCK.Certificates.LaneCB.RB2Cell005804.wholeAccepted1 t=1428.4s
con-leche: install 15600000/22107215 def LaneCBRB2Cell005999Endpoints.out_w1 t=1434.5s
con-leche: install 15800000/22107215 def GeneralCK.Certificates.LaneCB.RB2Cell006194.wholeStep77 t=1440.7s
con-leche: install 16000000/22107215 theorem GeneralCK.Certificates.LaneCB.RB2Cell006388.wholeAccepted42 t=1446.6s
con-leche: install 16200000/22107215 def GeneralCK.Certificates.LaneCB.RB2Cell006583.centerBoxes112 t=1451.7s
con-leche: install 16400000/22107215 def GeneralCK.Certificates.LaneCB.RB2Cell006778.centerBoxes6 t=1456.4s
con-leche: install 16600000/22107215 def GeneralCK.Certificates.LaneCB.RB2Cell006973.wholeStep33 t=1462.1s
con-leche: install 16800000/22107215 theorem GeneralCK.Certificates.LaneCB.RB2Cell007167.wholeAccepted60 t=1468.7s
con-leche: install 17000000/22107215 theorem GeneralCK.Certificates.LaneCB.RB2Cell007362.centerAccepted65 t=1475.6s
con-leche: install 17200000/22107215 def GeneralCK.Certificates.LaneCB.RB2Cell007557.centerStep15 t=1482.5s
con-leche: install 17400000/22107215 theorem GeneralCK.Certificates.LaneCB.RB2Cell007751.wholeAccepted135 t=1489.1s
con-leche: install 17600000/22107215 theorem LaneCBRB2Cell007946Endpoints.checked_w25 t=1496.8s
con-leche: install 17800000/22107215 theorem GeneralCK.Certificates.LaneCB.RB2Cell008141.centerAccepted40 t=1503.1s
con-leche: install 18000000/22107215 def GeneralCK.Certificates.LaneCB.RB2Cell008336.centerStep132 t=1509.1s
con-leche: install 18200000/22107215 theorem LaneCBRB2Cell008530Endpoints.endpoint_w40 t=1515.0s
con-leche: install 18400000/22107215 def GeneralCK.Certificates.LaneCB.RB2Cell008725.centerBoxes107 t=1520.6s
con-leche: install 18600000/22107215 def LaneCBRB2Cell008920Endpoints.out_w4 t=1526.4s
con-leche: install 18800000/22107215 def GeneralCK.Certificates.LaneCB.RB2Cell009115.wholeStep71 t=1532.4s
con-leche: install 19000000/22107215 def GeneralCK.Certificates.LaneCB.RB2Cell009309.wholeBoxes63 t=1538.1s
con-leche: install 19200000/22107215 def GeneralCK.Certificates.LaneCB.RB2Cell009504.centerBoxes87 t=1543.5s
con-leche: install 19400000/22107215 def GeneralCK.Certificates.LaneCB.RB2Cell009699.centerStep0 t=1549.7s
con-leche: install 19600000/22107215 def GeneralCK.Certificates.LaneCB.RB2Cell009894.wholeStep71 t=1557.0s
con-leche: install 19800000/22107215 theorem GeneralCK.Certificates.LaneCB.RB2Cell010088.wholeAccepted40 t=1563.8s
con-leche: install 20000000/22107215 theorem LaneCBRB2Cell010283Endpoints.endpoint_w19 t=1570.9s
con-leche: install 20200000/22107215 theorem GeneralCK.Certificates.LaneCB.RB2Cell010478.centerAccepted5 t=1577.6s
con-leche: install 20400000/22107215 def GeneralCK.Certificates.LaneCB.RB2Cell010673.wholeStep113 t=1584.3s
con-leche: install 20600000/22107215 theorem GeneralCK.Certificates.LaneCB.RB2Cell010867.wholeAccepted8 t=1590.8s
con-leche: install 20800000/22107215 def GeneralCK.Certificates.LaneCB.RB2Cell011062.centerBoxes38 t=1598.3s
con-leche: install 21000000/22107215 def GeneralCK.Certificates.LaneCB.RB2Cell011257.centerStep129 t=1606.5s
con-leche: install 21200000/22107215 theorem GeneralCK.Certificates.LaneCB.RB2Cell011451.wholeAccepted49 t=1616.0s
con-leche: install 21400000/22107215 theorem GeneralCK.Certificates.LaneCB.RB2Cell011646.centerAccepted99 t=1625.2s
con-leche: install 21600000/22107215 theorem CKLaneC.RSC2.S00_0156.ok_4 t=1758.1s
con-leche: install 21800000/22107215 theorem CKLaneC.RSC2.S10_0037.s0_0._proof_1_1 t=1787.5s
con-leche: install 22000000/22107215 def CKLaneM1.ML.Population.r0248 t=1883.3s
con-leche: install done: 22107215/22107215 declarations installed, 22106005 checks pending t=1939.6s (install 1084.6s)
con-leche: check 200000/22106005 definition GeneralCK.Certificates.ReflectionMidpointFamily.Cell0173.wholeBoxes48 t=2270.5s
con-leche: check 400000/22106005 definition GeneralCK.Certificates.ReflectionMidpointFamily.Endpoints0456.sharedTwo t=2306.1s
con-leche: check 600000/22106005 definition GeneralCK.Certificates.ReflectionMidpointFamily.Cell0738.centerStep54 t=2341.6s
con-leche: check 800000/22106005 definition GeneralCK.Certificates.ReflectionMidpointNextFamily.Cell0162.wholeStep72 t=2372.2s
con-leche: check 1000000/22106005 definition GeneralCK.Certificates.ReflectionMidpointNextFamily.Cell0444.centerBoxes25 t=2399.4s
con-leche: check 1200000/22106005 theorem GeneralCK.Certificates.ReflectionMidpointNextFamily.Cell0726.whole_inputs t=2425.3s
con-leche: check 1400000/22106005 theorem GeneralCK.Certificates.ReflectionMidpointExtensionFamily.Cell0149.sameShape t=2452.3s
con-leche: check 1600000/22106005 definition GeneralCK.Certificates.ReflectionMidpointExtensionFamily.Cell0433.centerStep62 t=2480.4s
con-leche: check 1800000/22106005 theorem GeneralCK.Certificates.ReflectionMidpointExtensionFamily.Cell0715.centerAccepted86 t=2509.0s
con-leche: check 2000000/22106005 definition GeneralCK.Certificates.ReflectionMidpointNextBandFamily.Cell0158.centerBoxes20 t=2538.2s
con-leche: check 2200000/22106005 theorem GeneralCK.Certificates.ReflectionMidpointPostNextBandFamily.Cell0071.centerAccepted59 t=2568.4s
con-leche: check 2400000/22106005 theorem GeneralCK.Certificates.ReflectionMidpointPostNextBandFamily.Cell0354.centerAccepted1 t=2599.1s
con-leche: check 2600000/22106005 theorem GeneralCK.Certificates.E8TAxisCell0001Sub1GraphCenterA.yCorrection_checked t=3975.7s
con-leche: check 2800000/22106005 definition GeneralCK.Certificates.E8TAxisProd0151GraphCenterA.zData t=4233.4s
con-leche: check 3000000/22106005 definition GeneralCK.Certificates.E8TAxisProd0501EndpointWitnesses.centerDUpperLog t=4528.8s
con-leche: check 3200000/22106005 definition GeneralCK.Certificates.E8TAxisProd0404EndpointWitnesses.wholeDLowerLog t=4826.4s
con-leche: check 3400000/22106005 definition LaneCBCell000022Endpoints.out_w14 t=5232.7s
con-leche: check 3600000/22106005 theorem GeneralCK.Certificates.LaneCB.Cell000216.centerAccepted69 t=5268.3s
con-leche: check 3800000/22106005 definition GeneralCK.Certificates.LaneCB.Cell000411.centerStep55 t=5297.5s
con-leche: check 4000000/22106005 theorem GeneralCK.Certificates.LaneCB.Cell000605.centerAccepted95 t=5325.1s
con-leche: check 4200000/22106005 definition GeneralCK.Certificates.LaneCB.Cell000800.wholeStep80 t=5348.8s
con-leche: check 4400000/22106005 definition LaneCBCell000994Endpoints.out_w20 t=5371.0s
con-leche: check 4600000/22106005 theorem GeneralCK.Certificates.LaneCB.Cell001188.wholeAccepted46 t=5393.5s
con-leche: check 4800000/22106005 theorem LaneCBCell001382Endpoints.checked_w12 t=5416.4s
con-leche: check 5000000/22106005 theorem LaneCBCell001576Endpoints.checked_w32 t=5440.8s
con-leche: check 5200000/22106005 definition GeneralCK.Certificates.LaneCB.Cell001772.centerStep96 t=5463.6s
con-leche: check 5400000/22106005 definition GeneralCK.Certificates.LaneCB.Cell001966.centerBoxes104 t=5485.6s
con-leche: check 5600000/22106005 definition GeneralCK.Certificates.LaneCB.Cell002161.wholeStep76 t=5508.1s
con-leche: check 5800000/22106005 theorem LaneCBCell002355Endpoints.endpoint_w16 t=5531.4s
con-leche: check 6000000/22106005 definition GeneralCK.Certificates.LaneCB.Cell002549.wholeBoxes63 t=5557.2s
con-leche: check 6200000/22106005 definition GeneralCK.Certificates.LaneCB.Cell002744.centerStep24 t=5583.0s
con-leche: check 6400000/22106005 definition GeneralCK.Certificates.LaneCB.Cell002938.centerBoxes134 t=5607.5s
con-leche: check 6600000/22106005 definition GeneralCK.Certificates.LaneCB.Cell003133.wholeStep59 t=5629.8s
con-leche: check 6800000/22106005 theorem GeneralCK.Certificates.LaneCB.Cell003326.wholeAccepted130 t=5651.7s
con-leche: check 7000000/22106005 theorem GeneralCK.Certificates.LaneCB.Cell003520.wholeAccepted123 t=5674.5s
con-leche: check 7200000/22106005 definition GeneralCK.Certificates.LaneCB.Cell003716.centerBoxes6 t=5700.8s
con-leche: check 7400000/22106005 definition GeneralCK.Certificates.LaneCB.Cell003910.wholeBoxes62 t=5726.6s
con-leche: check 7600000/22106005 definition GeneralCK.Certificates.LaneCB.Cell004105.centerStep82 t=5752.1s
con-leche: check 7800000/22106005 theorem GeneralCK.Certificates.LaneCB.Cell004298.wholeAccepted132 t=5777.2s
con-leche: check 8000000/22106005 definition GeneralCK.Certificates.LaneCB.Cell004494.wholeStep61 t=5803.8s
con-leche: check 8200000/22106005 theorem GeneralCK.Certificates.LaneCB.Cell004688.centerAccepted37 t=5829.1s
con-leche: check 8400000/22106005 definition LaneCBCell004882Endpoints.out_w40 t=5852.5s
con-leche: check 8600000/22106005 definition GeneralCK.Certificates.LaneCB.Cell005077.centerStep1 t=5875.5s
con-leche: check 8800000/22106005 theorem LaneCBCell005271Endpoints.endpoint_w27 t=5897.6s
con-leche: check 9000000/22106005 definition GeneralCK.Certificates.LaneCB.Cell005466.wholeStep68 t=5920.1s
con-leche: check 9200000/22106005 definition GeneralCK.Certificates.LaneCB.Cell005660.centerBoxes42 t=5943.3s
con-leche: check 9400000/22106005 theorem GeneralCK.Certificates.LaneCB.Cell005853.taylor_positive_kdet t=5965.8s
con-leche: check 9600000/22106005 definition GeneralCK.Certificates.LaneCB.RB2Cell000158.centerBoxes110 t=5989.0s
con-leche: check 9800000/22106005 definition GeneralCK.Certificates.LaneCB.RB2Cell000353.centerBoxes6 t=6011.8s
con-leche: check 10000000/22106005 definition GeneralCK.Certificates.LaneCB.RB2Cell000548.wholeStep58 t=6034.8s
con-leche: check 10200000/22106005 definition GeneralCK.Certificates.LaneCB.RB2Cell000742.wholeBoxes45 t=6058.0s
con-leche: check 10400000/22106005 theorem LaneCBRB2Cell000937Endpoints.endpoint_w17 t=6081.1s
con-leche: check 10600000/22106005 definition GeneralCK.Certificates.LaneCB.RB2Cell001132.centerStep69 t=6104.9s
con-leche: check 10800000/22106005 theorem GeneralCK.Certificates.LaneCB.RB2Cell001326.wholeAccepted105 t=6129.5s
con-leche: check 11000000/22106005 theorem LaneCBRB2Cell001521Endpoints.endpoint_w24 t=6154.5s
con-leche: check 11200000/22106005 theorem GeneralCK.Certificates.LaneCB.RB2Cell001716.lc5 t=6180.1s
con-leche: check 11400000/22106005 definition GeneralCK.Certificates.LaneCB.RB2Cell001911.centerStep94 t=6205.3s
con-leche: check 11600000/22106005 definition GeneralCK.Certificates.LaneCB.RB2Cell002105.wholeBoxes84 t=6229.5s
con-leche: check 11800000/22106005 definition GeneralCK.Certificates.LaneCB.RB2Cell002300.wholeBoxes11 t=6252.9s
con-leche: check 12000000/22106005 definition LaneCBRB2Cell002495Endpoints.out_w6 t=6276.8s
con-leche: check 12200000/22106005 definition GeneralCK.Certificates.LaneCB.RB2Cell002690.wholeStep77 t=6300.6s
con-leche: check 12400000/22106005 theorem GeneralCK.Certificates.LaneCB.RB2Cell002884.centerAccepted64 t=6324.2s
con-leche: check 12600000/22106005 theorem GeneralCK.Certificates.LaneCB.RB2Cell003079.centerAccepted86 t=6348.8s
con-leche: check 12800000/22106005 definition GeneralCK.Certificates.LaneCB.RB2Cell003274.centerBoxes13 t=6373.8s
con-leche: check 13000000/22106005 definition GeneralCK.Certificates.LaneCB.RB2Cell003469.wholeStep60 t=6400.9s
con-leche: check 13200000/22106005 definition GeneralCK.Certificates.LaneCB.RB2Cell003663.wholeBoxes53 t=6431.2s
con-leche: check 13400000/22106005 theorem GeneralCK.Certificates.LaneCB.RB2Cell003857.wholeAccepted25 t=6462.5s
con-leche: check 13600000/22106005 definition GeneralCK.Certificates.LaneCB.RB2Cell004053.centerStep27 t=6493.4s
con-leche: check 13800000/22106005 definition GeneralCK.Certificates.LaneCB.RB2Cell004247.wholeBoxes131 t=6522.3s
con-leche: check 14000000/22106005 definition GeneralCK.Certificates.LaneCB.RB2Cell004442.wholeBoxes11 t=6550.5s
con-leche: check 14200000/22106005 definition LaneCBRB2Cell004637Endpoints.out_w14 t=6576.5s
con-leche: check 14400000/22106005 definition GeneralCK.Certificates.LaneCB.RB2Cell004832.wholeStep17 t=6604.4s
con-leche: check 14600000/22106005 theorem GeneralCK.Certificates.LaneCB.RB2Cell005026.centerAccepted56 t=6635.1s
con-leche: check 14800000/22106005 theorem GeneralCK.Certificates.LaneCB.RB2Cell005221.centerAccepted12 t=6665.1s
con-leche: check 15000000/22106005 definition GeneralCK.Certificates.LaneCB.RB2Cell005416.centerBoxes19 t=6691.4s
con-leche: check 15200000/22106005 definition GeneralCK.Certificates.LaneCB.RB2Cell005611.wholeStep0 t=6718.9s
con-leche: check 15400000/22106005 definition GeneralCK.Certificates.LaneCB.RB2Cell005805.wholeBoxes73 t=6747.2s
con-leche: check 15600000/22106005 theorem GeneralCK.Certificates.LaneCB.RB2Cell005999.wholeAccepted57 t=6775.0s
con-leche: check 15800000/22106005 definition GeneralCK.Certificates.LaneCB.RB2Cell006195.centerStep23 t=6803.9s
con-leche: check 16000000/22106005 definition GeneralCK.Certificates.LaneCB.RB2Cell006389.whole_m11 t=6834.9s
con-leche: check 16200000/22106005 theorem GeneralCK.Certificates.LaneCB.RB2Cell006584.centerAccepted120 t=6867.4s
con-leche: check 16400000/22106005 theorem GeneralCK.Certificates.LaneCB.RB2Cell006779.centerAccepted47 t=6901.7s
con-leche: check 16600000/22106005 definition LaneCBRB2Cell006974Endpoints.out_w1 t=6936.6s
con-leche: check 16800000/22106005 definition GeneralCK.Certificates.LaneCB.RB2Cell007169.wholeStep116 t=6969.1s
con-leche: check 17000000/22106005 theorem GeneralCK.Certificates.LaneCB.RB2Cell007363.centerAccepted32 t=7001.1s
con-leche: check 17200000/22106005 theorem GeneralCK.Certificates.LaneCB.RB2Cell007557.wholeAccepted70 t=7033.9s
con-leche: check 17400000/22106005 definition GeneralCK.Certificates.LaneCB.RB2Cell007753.centerStep99 t=7067.6s
con-leche: check 17600000/22106005 theorem LaneCBRB2Cell007947Endpoints.checked_w14 t=7099.0s
con-leche: check 17800000/22106005 theorem GeneralCK.Certificates.LaneCB.RB2Cell008142.centerAccepted16 t=7129.5s
con-leche: check 18000000/22106005 definition GeneralCK.Certificates.LaneCB.RB2Cell008337.centerBoxes22 t=7156.6s
con-leche: check 18200000/22106005 theorem LaneCBRB2Cell008531Endpoints.checked_w1 t=7182.3s
con-leche: check 18400000/22106005 definition GeneralCK.Certificates.LaneCB.RB2Cell008726.wholeBoxes45 t=7206.7s
con-leche: check 18600000/22106005 definition GeneralCK.Certificates.LaneCB.RB2Cell008921.centerBoxes108 t=7232.3s
con-leche: check 18800000/22106005 definition GeneralCK.Certificates.LaneCB.RB2Cell009116.centerStep19 t=7260.9s
con-leche: check 19000000/22106005 definition GeneralCK.Certificates.LaneCB.RB2Cell009311.wholeStep112 t=7288.3s
con-leche: check 19200000/22106005 definition GeneralCK.Certificates.LaneCB.RB2Cell009505.wholeBoxes29 t=7315.6s
con-leche: check 19400000/22106005 definition GeneralCK.Certificates.LaneCB.RB2Cell009700.centerBoxes60 t=7341.9s
con-leche: check 19600000/22106005 theorem GeneralCK.Certificates.LaneCB.RB2Cell009894.wholeAccepted125 t=7366.8s
con-leche: check 19800000/22106005 theorem GeneralCK.Certificates.LaneCB.RB2Cell010089.wholeAccepted96 t=7390.5s
con-leche: check 20000000/22106005 theorem GeneralCK.Certificates.LaneCB.RB2Cell010284.centerAccepted45 t=7414.7s
con-leche: check 20200000/22106005 definition GeneralCK.Certificates.LaneCB.RB2Cell010479.centerBoxes73 t=7439.0s
con-leche: check 20400000/22106005 definition GeneralCK.Certificates.LaneCB.RB2Cell010674.centerStep51 t=7463.0s
con-leche: check 20600000/22106005 theorem LaneCBRB2Cell010868Endpoints.checked_w1 t=7485.3s
con-leche: check 20800000/22106005 definition GeneralCK.Certificates.LaneCB.RB2Cell011063.centerBoxes133 t=7507.0s
con-leche: check 21000000/22106005 definition GeneralCK.Certificates.LaneCB.RB2Cell011258.centerBoxes25 t=7529.6s
con-leche: check 21200000/22106005 definition GeneralCK.Certificates.LaneCB.RB2Cell011452.whole_kdet t=7552.5s
con-leche: check 21400000/22106005 definition GeneralCK.Certificates.LaneCB.RB2Cell011647.wholeBoxes38 t=7575.6s
con-leche: check 21600000/22106005 theorem CKLaneC.RSC2.S01_0003.s2_0 t=11000.3s
con-leche: check 21800000/22106005 definition CKLaneC.RSC2.S10_0048.q0 t=16145.1s
con-leche: check 22000000/22106005 definition CKLaneM1.ML.Population.ix0788 t=19593.3s
con-leche: check done: 22106005/22106005 t=20343.0s (check 18403.4s)
con-leche: done: parse 854.9s, install 1084.6s, check 18403.4s, 150 workers t=20343.0s
